1/1600 batches
21/1600 batches
41/1600 batches
61/1600 batches
81/1600 batches
101/1600 batches
121/1600 batches
141/1600 batches
161/1600 batches
181/1600 batches
201/1600 batches
221/1600 batches
241/1600 batches
261/1600 batches
281/1600 batches
301/1600 batches
321/1600 batches
341/1600 batches
361/1600 batches
381/1600 batches
401/1600 batches
421/1600 batches
441/1600 batches
461/1600 batches
481/1600 batches
501/1600 batches
521/1600 batches
541/1600 batches
561/1600 batches
581/1600 batches
601/1600 batches
621/1600 batches
641/1600 batches
661/1600 batches
681/1600 batches
701/1600 batches
721/1600 batches
741/1600 batches
761/1600 batches
781/1600 batches
801/1600 batches
821/1600 batches
841/1600 batches
861/1600 batches
881/1600 batches
901/1600 batches
921/1600 batches
941/1600 batches
961/1600 batches
981/1600 batches
1001/1600 batches
1021/1600 batches
1041/1600 batches
1061/1600 batches
1081/1600 batches
1101/1600 batches
1121/1600 batches
1141/1600 batches
1161/1600 batches
1181/1600 batches
1201/1600 batches
1221/1600 batches
1241/1600 batches
1261/1600 batches
1281/1600 batches
1301/1600 batches
1321/1600 batches
1341/1600 batches
1361/1600 batches
1381/1600 batches
1401/1600 batches
1421/1600 batches
1441/1600 batches
1461/1600 batches
1481/1600 batches
1501/1600 batches
1521/1600 batches
1541/1600 batches
1561/1600 batches
1581/1600 batches
cohort  events  permutations  observed_minp  null_mean  null_median  null_p05  null_p95  null_max  p_global_minp  observed_cox  cox_null_mean  cox_null_p95  cox_null_max  p_global_cox  cox_bh_any_under_null  cox_bh_null_max  cox_permutations
  BLCA     169          2000            511      239.0          192        90       534      2514         0.0615            77           15.8            61           149        0.0348                  0.045                3               200
  BRCA     140          2000            724      222.6          165        67       572      1517         0.0275           110           14.1            45           248        0.0199                  0.020              111               200
  CESC      67          2000            927      212.2          160        70       549      2314         0.0105           165           15.5            46           191        0.0149                  0.135               17               200
  COAD      61          2000            336      203.3          157        65       508      1785         0.1259            18           14.4            57           323        0.1791                  0.075              429               200
   GBM     112          2000            389      241.7          178        71       600      2427         0.1384            89           15.1            58           305        0.0299                  0.035              497               200
  HNSC     212          2000            893      216.8          156        60       592      3008         0.0200           237           16.0            50           732        0.0149                  0.030             2299               200
  KICH       9           200           1284      163.9          106        36       476      1438         0.0100           220           17.6            59           154        0.0050                  0.975               50               200
  KIRC     171           200           7563      207.3          144        46       548      3163         0.0050          4767           12.1            39           698        0.0050                  0.015             3534               200
  KIRP      44           200           1811      229.4          151        51       628      1165         0.0050           570           19.7            71           227        0.0050                  0.330               50               200
  LIHC     129           200           3449      167.4          120        41       452      1308         0.0050          1466            9.4            41           155        0.0050                  0.020                1               200
  LUAD     180           200           1507      229.1          183        72       547      1813         0.0100           472           15.5            47           364        0.0050                  0.025              700               200
  LUSC     210           200            286      217.3          163        64       498      1431         0.2239            11           15.4            56           359        0.2935                  0.055              463               200
    OV     216           200            362      232.3          171        79       675      1097         0.1443            12           14.4            63           186        0.2985                  0.035               12               200
  PAAD      92           200           1486      255.1          159        46       808      2676         0.0149          1026           18.3            83           561        0.0050                  0.030             1926               200
  PRAD       9           200            177      161.5          102        37       473      1778         0.2786            32           13.1            44           160        0.0945                  0.955               85               200
  READ      16          2000            567      205.7          151        62       530      1943         0.0420            23           18.9            68           371        0.2239                  0.095              550               200
  SKCM      28           200            253      200.9          134        51       513      2292         0.2040            10           16.2            39           710        0.3284                  0.250             1885               200
  STAD     140          2000            335      219.1          157        59       627      1673         0.1554            19           12.4            43           219        0.1692                  0.015               60               200
  TGCT       4           200             22      210.6          102        23       784      2246         0.9552            23           63.1           177          1079        0.7562                  1.000             1325               200
  THCA      16           200            397      225.0          101        24       871      3900         0.1443            41           22.9            67           867        0.0945                  0.080             4363               200
  UCEC      32           200            227      191.7          128        57       475      1868         0.2736            20           15.2            42           191        0.1940                  0.385               25               200
